npm warn Unknown builtin config "globalignorefile". This will stop working in the next major version of npm. See `npm help npmrc` for supported config options.
[1A[2K[WebServer] npm warn Unknown builtin config "globalignorefile". This will stop working in the next major version of npm. See `npm help npmrc` for supported config options.

[1A[2K[WebServer] npm warn Unknown env config "globalignorefile". This will stop working in the next major version of npm. See `npm help npmrc` for supported config options.

[1A[2K[WebServer] (node:111384) Warning: The 'NO_COLOR' env is ignored due to the 'FORCE_COLOR' env being set.
[WebServer] (Use `node --trace-warnings ...` to show where the warning was created)

[1A[2K[WebServer] (node:111507) Warning: The 'NO_COLOR' env is ignored due to the 'FORCE_COLOR' env being set.
[WebServer] (Use `node --trace-warnings ...` to show where the warning was created)

[1A[2K[WebServer] npm warn Unknown builtin config "globalignorefile". This will stop working in the next major version of npm. See `npm help npmrc` for supported config options.

[1A[2K[WebServer] npm warn Unknown env config "globalignorefile". This will stop working in the next major version of npm. See `npm help npmrc` for supported config options.

[1A[2K[WebServer] (node:112019) Warning: The 'NO_COLOR' env is ignored due to the 'FORCE_COLOR' env being set.
[WebServer] (Use `node --trace-warnings ...` to show where the warning was created)

[1A[2K[WebServer] (node:112032) Warning: The 'NO_COLOR' env is ignored due to the 'FORCE_COLOR' env being set.
[WebServer] (Use `node --trace-warnings ...` to show where the warning was created)


Running 1 test using 1 worker

[1A[2K(node:112169) Warning: The 'NO_COLOR' env is ignored due to the 'FORCE_COLOR' env being set.
(Use `node --trace-warnings ...` to show where the warning was created)


[1A[2K(node:112169) Warning: The 'NO_COLOR' env is ignored due to the 'FORCE_COLOR' env being set.
(Use `node --trace-warnings ...` to show where the warning was created)


[1A[2K[1/1] [chromium] › apps/viewer/e2e/user-stories.spec.ts:419:3 › focused user-story baseline › VIEW-063: a saved archive keeps bundled media readable offline
[1A[2K(node:115988) Warning: The 'NO_COLOR' env is ignored due to the 'FORCE_COLOR' env being set.
(Use `node --trace-warnings ...` to show where the warning was created)


[1A[2K(node:115988) Warning: The 'NO_COLOR' env is ignored due to the 'FORCE_COLOR' env being set.
(Use `node --trace-warnings ...` to show where the warning was created)


[1A[2K[2/1] (retries) [chromium] › apps/viewer/e2e/user-stories.spec.ts:419:3 › focused user-story baseline › VIEW-063: a saved archive keeps bundled media readable offline (retry #1)
[1A[2K  1) [chromium] › apps/viewer/e2e/user-stories.spec.ts:419:3 › focused user-story baseline › VIEW-063: a saved archive keeps bundled media readable offline 

    Error: Test timeout of 60000ms exceeded

      434 |     await viewer.locator("button[data-obj]").first().click();
      435 |     await expect(viewer.locator(".reader")).toBeVisible({ timeout: 30_000 });
    > 436 |     await expect.poll(() => viewer.locator("img").first().evaluate((el) => (el as HTMLImageElement).naturalWidth), { timeout: 30_000 }).toBeGreaterThan(0);
          |                                                                                                                                         ^
      437 |     expect(remote).toHaveLength(0);
      438 |   });
      439 |
        at /mnt/Ghar/2TA/DevStuff/Annotators/Image/Archie/apps/viewer/e2e/user-stories.spec.ts:436:137

    Error Context: apps/viewer/test-results/user-stories-focused-user--e5464-dled-media-readable-offline-chromium/error-context.md

    Retry #1 ───────────────────────────────────────────────────────────────────────────────────────

    Error: Test timeout of 60000ms exceeded

      434 |     await viewer.locator("button[data-obj]").first().click();
      435 |     await expect(viewer.locator(".reader")).toBeVisible({ timeout: 30_000 });
    > 436 |     await expect.poll(() => viewer.locator("img").first().evaluate((el) => (el as HTMLImageElement).naturalWidth), { timeout: 30_000 }).toBeGreaterThan(0);
          |                                                                                                                                         ^
      437 |     expect(remote).toHaveLength(0);
      438 |   });
      439 |
        at /mnt/Ghar/2TA/DevStuff/Annotators/Image/Archie/apps/viewer/e2e/user-stories.spec.ts:436:137

    Error Context: apps/viewer/test-results/user-stories-focused-user--e5464-dled-media-readable-offline-chromium-retry1/error-context.md

    attachment #2: trace (application/zip) ─────────────────────────────────────────────────────────
    apps/viewer/test-results/user-stories-focused-user--e5464-dled-media-readable-offline-chromium-retry1/trace.zip
    Usage:

        npx playwright show-trace apps/viewer/test-results/user-stories-focused-user--e5464-dled-media-readable-offline-chromium-retry1/trace.zip

    ────────────────────────────────────────────────────────────────────────────────────────────────


[1A[2K  1 failed
    [chromium] › apps/viewer/e2e/user-stories.spec.ts:419:3 › focused user-story baseline › VIEW-063: a saved archive keeps bundled media readable offline 
