npm warn Unknown builtin config "globalignorefile". This will stop working in the next major version of npm. See `npm help npmrc` for supported config options.
[1A[2K[WebServer] npm warn Unknown builtin config "globalignorefile". This will stop working in the next major version of npm. See `npm help npmrc` for supported config options.

[1A[2K[WebServer] npm warn Unknown env config "globalignorefile". This will stop working in the next major version of npm. See `npm help npmrc` for supported config options.

[1A[2K[WebServer] (node:137583) Warning: The 'NO_COLOR' env is ignored due to the 'FORCE_COLOR' env being set.
[WebServer] (Use `node --trace-warnings ...` to show where the warning was created)

[1A[2K[WebServer] (node:137668) Warning: The 'NO_COLOR' env is ignored due to the 'FORCE_COLOR' env being set.
[WebServer] (Use `node --trace-warnings ...` to show where the warning was created)

[1A[2K[WebServer] npm warn Unknown builtin config "globalignorefile". This will stop working in the next major version of npm. See `npm help npmrc` for supported config options.

[1A[2K[WebServer] npm warn Unknown env config "globalignorefile". This will stop working in the next major version of npm. See `npm help npmrc` for supported config options.

[1A[2K[WebServer] (node:138151) Warning: The 'NO_COLOR' env is ignored due to the 'FORCE_COLOR' env being set.
[WebServer] (Use `node --trace-warnings ...` to show where the warning was created)

[1A[2K[WebServer] (node:138163) Warning: The 'NO_COLOR' env is ignored due to the 'FORCE_COLOR' env being set.
[WebServer] (Use `node --trace-warnings ...` to show where the warning was created)


Running 1 test using 1 worker

[1A[2K(node:138456) Warning: The 'NO_COLOR' env is ignored due to the 'FORCE_COLOR' env being set.
(Use `node --trace-warnings ...` to show where the warning was created)


[1A[2K(node:138456) Warning: The 'NO_COLOR' env is ignored due to the 'FORCE_COLOR' env being set.
(Use `node --trace-warnings ...` to show where the warning was created)


[1A[2K[1/1] [chromium] › apps/viewer/e2e/user-stories.spec.ts:419:3 › focused user-story baseline › VIEW-063: a saved archive keeps bundled media readable offline
[1A[2K(node:141769) Warning: The 'NO_COLOR' env is ignored due to the 'FORCE_COLOR' env being set.
(Use `node --trace-warnings ...` to show where the warning was created)


[1A[2K(node:141769) Warning: The 'NO_COLOR' env is ignored due to the 'FORCE_COLOR' env being set.
(Use `node --trace-warnings ...` to show where the warning was created)


[1A[2K[2/1] (retries) [chromium] › apps/viewer/e2e/user-stories.spec.ts:419:3 › focused user-story baseline › VIEW-063: a saved archive keeps bundled media readable offline (retry #1)
[1A[2K  1) [chromium] › apps/viewer/e2e/user-stories.spec.ts:419:3 › focused user-story baseline › VIEW-063: a saved archive keeps bundled media readable offline 

    Error: Test timeout of 60000ms exceeded

      432 |     await viewer.evaluate((el) => el.setAttribute("target", "#/screenshots/o/o1"));
      433 |     await expect(viewer.locator(".reader")).toBeVisible({ timeout: 30_000 });
    > 434 |     await expect.poll(() => viewer.locator("img").first().evaluate((el) => (el as HTMLImageElement).naturalWidth), { timeout: 30_000 }).toBeGreaterThan(0);
          |                                                                                                                                         ^
      435 |     expect(remote).toHaveLength(0);
      436 |     expect(remote).toHaveLength(0);
      437 |   });
        at /mnt/Ghar/2TA/DevStuff/Annotators/Image/Archie/apps/viewer/e2e/user-stories.spec.ts:434:137

    Error Context: apps/viewer/test-results/user-stories-focused-user--e5464-dled-media-readable-offline-chromium/error-context.md

    Retry #1 ───────────────────────────────────────────────────────────────────────────────────────

    Error: Test timeout of 60000ms exceeded

      432 |     }, bytes);
      433 |     await viewer.evaluate((el) => el.setAttribute("offline", ""));
    > 434 |     await expect(viewer.locator(".intro h1")).toContainText("Archie Library", { timeout: 30_000 });
          |                                                                                                    ^
      435 |     await viewer.evaluate((el) => el.setAttribute("target", "#/screenshots/o/o1"));
      436 |     await page.waitForTimeout(3_000);
      437 |     const state = await viewer.evaluate(el => ({ text: el.shadowRoot?.textContent?.slice(0, 1200), html: el.shadowRoot?.innerHTML.slice(0, 1600) }));
        at /mnt/Ghar/2TA/DevStuff/Annotators/Image/Archie/apps/viewer/e2e/user-stories.spec.ts:434:137

    Error Context: apps/viewer/test-results/user-stories-focused-user--e5464-dled-media-readable-offline-chromium-retry1/error-context.md

    attachment #2: trace (application/zip) ─────────────────────────────────────────────────────────
    apps/viewer/test-results/user-stories-focused-user--e5464-dled-media-readable-offline-chromium-retry1/trace.zip
    Usage:

        npx playwright show-trace apps/viewer/test-results/user-stories-focused-user--e5464-dled-media-readable-offline-chromium-retry1/trace.zip

    ────────────────────────────────────────────────────────────────────────────────────────────────


[1A[2K  1 failed
    [chromium] › apps/viewer/e2e/user-stories.spec.ts:419:3 › focused user-story baseline › VIEW-063: a saved archive keeps bundled media readable offline 
