npm warn Unknown builtin config "globalignorefile". This will stop working in the next major version of npm. See `npm help npmrc` for supported config options.
[1A[2K[WebServer] npm warn Unknown builtin config "globalignorefile". This will stop working in the next major version of npm. See `npm help npmrc` for supported config options.

[1A[2K[WebServer] npm warn Unknown env config "globalignorefile". This will stop working in the next major version of npm. See `npm help npmrc` for supported config options.

[1A[2K[WebServer] (node:28430) Warning: The 'NO_COLOR' env is ignored due to the 'FORCE_COLOR' env being set.
[WebServer] (Use `node --trace-warnings ...` to show where the warning was created)

[1A[2K[WebServer] (node:28554) Warning: The 'NO_COLOR' env is ignored due to the 'FORCE_COLOR' env being set.
[WebServer] (Use `node --trace-warnings ...` to show where the warning was created)

[1A[2K[WebServer] npm warn Unknown builtin config "globalignorefile". This will stop working in the next major version of npm. See `npm help npmrc` for supported config options.

[1A[2K[WebServer] npm warn Unknown env config "globalignorefile". This will stop working in the next major version of npm. See `npm help npmrc` for supported config options.

[1A[2K[WebServer] (node:28996) Warning: The 'NO_COLOR' env is ignored due to the 'FORCE_COLOR' env being set.
[WebServer] (Use `node --trace-warnings ...` to show where the warning was created)

[1A[2K[WebServer] (node:29024) Warning: The 'NO_COLOR' env is ignored due to the 'FORCE_COLOR' env being set.
[WebServer] (Use `node --trace-warnings ...` to show where the warning was created)


Running 2 tests using 1 worker

[1A[2K(node:29127) Warning: The 'NO_COLOR' env is ignored due to the 'FORCE_COLOR' env being set.
(Use `node --trace-warnings ...` to show where the warning was created)


[1A[2K(node:29127) Warning: The 'NO_COLOR' env is ignored due to the 'FORCE_COLOR' env being set.
(Use `node --trace-warnings ...` to show where the warning was created)


[1A[2K[1/2] [chromium] › apps/viewer/e2e/user-stories.spec.ts:227:3 › focused user-story baseline › VIEW-022: a broken AV source shows a readable error and keeps navigation
[1A[2K[2/2] [chromium] › apps/viewer/e2e/user-stories.spec.ts:329:3 › focused user-story baseline › VIEW-057: finder text combines with multiple OR tag facets
[1A[2K(node:30039) Warning: The 'NO_COLOR' env is ignored due to the 'FORCE_COLOR' env being set.
(Use `node --trace-warnings ...` to show where the warning was created)


[1A[2K(node:30039) Warning: The 'NO_COLOR' env is ignored due to the 'FORCE_COLOR' env being set.
(Use `node --trace-warnings ...` to show where the warning was created)


[1A[2K[3/2] (retries) [chromium] › apps/viewer/e2e/user-stories.spec.ts:329:3 › focused user-story baseline › VIEW-057: finder text combines with multiple OR tag facets (retry #1)
[1A[2K  1) [chromium] › apps/viewer/e2e/user-stories.spec.ts:329:3 › focused user-story baseline › VIEW-057: finder text combines with multiple OR tag facets 

    Error: [2mexpect([22m[31mlocator[39m[2m).[22mtoBeVisible[2m([22m[2m)[22m failed

    Locator: locator('.finder[role=\'dialog\']').locator('.finder-results .result').first()
    Expected: visible
    Timeout: 15000ms
    Error: element(s) not found

    Call log:
    [2m  - Expect "toBeVisible" with timeout 15000ms[22m
    [2m  - waiting for locator('.finder[role=\'dialog\']').locator('.finder-results .result').first()[22m


      340 |     await expect(facets.nth(1)).toHaveAttribute("aria-pressed", "true");
      341 |     await finder.locator("input.finder-input").fill("plant");
    > 342 |     await expect(finder.locator(".finder-results .result").first()).toBeVisible();
          |                                                                     ^
      343 |     await expect(finder.locator(".finder-results .result-tags").first()).toContainText("#");
      344 |   });
      345 | });
        at /mnt/Ghar/2TA/DevStuff/Annotators/Image/Archie/apps/viewer/e2e/user-stories.spec.ts:342:69

    Error Context: apps/viewer/test-results/user-stories-focused-user--17e91-with-multiple-OR-tag-facets-chromium/error-context.md

    Retry #1 ───────────────────────────────────────────────────────────────────────────────────────

    Error: [2mexpect([22m[31mlocator[39m[2m).[22mtoBeVisible[2m([22m[2m)[22m failed

    Locator: locator('.finder[role=\'dialog\']').locator('.finder-results .result').first()
    Expected: visible
    Timeout: 15000ms
    Error: element(s) not found

    Call log:
    [2m  - Expect "toBeVisible" with timeout 15000ms[22m
    [2m  - waiting for locator('.finder[role=\'dialog\']').locator('.finder-results .result').first()[22m


      340 |     await expect(facets.nth(1)).toHaveAttribute("aria-pressed", "true");
      341 |     await finder.locator("input.finder-input").fill("plant");
    > 342 |     await expect(finder.locator(".finder-results .result").first()).toBeVisible();
          |                                                                     ^
      343 |     await expect(finder.locator(".finder-results .result-tags").first()).toContainText("#");
      344 |   });
      345 | });
        at /mnt/Ghar/2TA/DevStuff/Annotators/Image/Archie/apps/viewer/e2e/user-stories.spec.ts:342:69

    Error Context: apps/viewer/test-results/user-stories-focused-user--17e91-with-multiple-OR-tag-facets-chromium-retry1/error-context.md

    attachment #2: trace (application/zip) ─────────────────────────────────────────────────────────
    apps/viewer/test-results/user-stories-focused-user--17e91-with-multiple-OR-tag-facets-chromium-retry1/trace.zip
    Usage:

        npx playwright show-trace apps/viewer/test-results/user-stories-focused-user--17e91-with-multiple-OR-tag-facets-chromium-retry1/trace.zip

    ────────────────────────────────────────────────────────────────────────────────────────────────


[1A[2K  1 failed
    [chromium] › apps/viewer/e2e/user-stories.spec.ts:329:3 › focused user-story baseline › VIEW-057: finder text combines with multiple OR tag facets 
  1 passed (43.2s)
