
Running 1 test using 1 worker

[1A[2K(node:4173658) Warning: The 'NO_COLOR' env is ignored due to the 'FORCE_COLOR' env being set.
(Use `node --trace-warnings ...` to show where the warning was created)


[1A[2K(node:4173658) Warning: The 'NO_COLOR' env is ignored due to the 'FORCE_COLOR' env being set.
(Use `node --trace-warnings ...` to show where the warning was created)


[1A[2K[1/1] [chromium] › e2e/export-surface.spec.ts:137:1 › Deposit a copy produces a real BagIt bag, and says what it is
[1A[2K[chromium] › e2e/export-surface.spec.ts:137:1 › Deposit a copy produces a real BagIt bag, and says what it is


[1A[2K

[1A[2K

[1A[2K

[1A[2K

[1A[2K

[1A[2K

[1A[2K

[1A[2K

[1A[2K

[1A[2K

[1A[2K

[1A[2K

[1A[2K

[1A[2K

[1A[2K

[1A[2K

[1A[2K

[1A[2K

[1A[2K

[1A[2K

[1A[2K

[1A[2K

[1A[2K

[1A[2K

[1A[2K

[1A[2K  1 passed (1.7s)
