studio Archie
STUDIO

LIBRARY · 6 EXHIBITS

Library
Saved
✎ DETAILS
?

An exhibit is a collection of annotated media — images, audio, video, or maps you mark up with notes. Create one any time; your work is kept automatically as you go.

Living in this browser
·
Open a library…

EXHIBITS
ALL IMAGES
⌕
+
New exhibit
EXAMPLES (6)
▴

Explore how exhibits work — edits here aren't kept unless you keep a copy.

EXAMPLE
The Rosettes
1 MEDIA ITEM · /VOYNICH-ROSETTES
Explore freely — changes aren't kept. Keep a copy to make it yours.
✎
EXAMPLE
The Whole Manuscript
12 MEDIA ITEMS · /VOYNICH
Explore freely — changes aren't kept. Keep a copy to make it yours.
✎
EXAMPLE
Reading the Unreadable
12 MEDIA ITEMS · /VOYNICH-READING
Explore freely — changes aren't kept. Keep a copy to make it yours.
✎
EXAMPLE
Where Languages Go Silent
8 MEDIA ITEMS · /LANGUAGE-ATLAS
Explore freely — changes aren't kept. Keep a copy to make it yours.
✎
EXAMPLE
World map (geo-annotation prototype)
1 MEDIA ITEM · /GEO-MAP
Explore freely — changes aren't kept. Keep a copy to make it yours.
✎
EXAMPLE
Showroom Sampler
3 MEDIA ITEMS · /SAMPLER
Explore freely — changes aren't kept. Keep a copy to make it yours.
✎
21 KB stored on this device
viewer OPEN ANOTHER LIBRARY

GALLERY · 6 EXHIBITS

Archie Library

A contested manuscript read more than one way — Beinecke MS 408, the same undeciphered marks read three ways across three exhibits.

EXHIBITS
ALL IMAGES
Archie, Annotated
Archie annotates Archie: 21 screenshots of the app itself, read four ways — as a Studio how-to, a Viewer tour, an embed guide, and a power-user's list of invisible behavior.
The Rosettes
A single-folio deep-zoom study: the Rosettes foldout (f85v–86r), the largest spread in MS 408, read three ways — cipher, hoax, and natural language — over one canvas.
The Whole Manuscript
A grid of all eleven folios of MS 408 across its six sections — herbal, astronomical, balneological, cosmological, pharmaceutical, and recipes — to browse side by side, each readable three ways, with a sounded page.
Reading the Unreadable
A narrative walk through the six divisions of MS 408 — herbal to recipes — pausing on each to read the same undeciphered marks three ways, ending on a page sounded aloud.
Where Languages Go Silent
Eight map pages from UNESCO's Atlas of the World's Languages in Danger (2010) — every dot a language losing its speakers. The same dots read two ways: a linguist's census, and what the quiet means in the places it falls.
World map (geo-annotation prototype)
Drop pins on a live map — each one stays on its place as you zoom and pan, anchored to a longitude and latitude. An early look at annotating maps in Archie.
pageerrors []
