$ vitest run

 RUN  v3.2.7 /mnt/Ghar/2TA/DevStuff/Annotators/Image/Archie/packages/render-core

 ✓ src/publish/push-delta.test.ts (14 tests) 21ms
 ✓ src/fs/node.conformance.test.ts (18 tests) 19ms
 ✓ src/fs/tauri.test.ts (15 tests) 24ms
 ✓ src/spine/structure.test.ts (33 tests) 18ms
 ✓ src/session/session.test.ts (21 tests) 13ms
 ✓ src/session/undo.test.ts (21 tests) 15ms
 ✓ src/fs/http.test.ts (27 tests) 66ms
stdout | src/spine/projection-groupby.test.ts > group-by projection perf (probe A3 harness: 100 sections × 20 revs, 2000 records) > projectSections at synthetic scale stays comfortably under the 16ms bar (and matches naive)
[c16d perf] projectSections group-by, synthetic 100×20 (2000 records): avg 0.455ms, max 1.278ms over 50 projections (naive probe baseline: 8-12ms avg / 15.3ms max; bar 16ms)

 ✓ src/spine/projection-groupby.test.ts (6 tests) 160ms
 ✓ src/fs/zip.test.ts (23 tests) 161ms
 ✓ src/spine/merge-contract.test.ts (53 tests) 15ms
 ✓ src/spine/wholeobject.test.ts (9 tests) 7ms
 ✓ src/spine/structure-persist.test.ts (15 tests) 14ms
 ✓ src/migrate/tree.test.ts (20 tests) 193ms
 ✓ src/wadm/brand.test.ts (16 tests) 8ms
stderr | src/publish/probe-readpolicy.test.ts > PROBE readExhibitTree — optional layer failure policy (read.ts:64/82/90) > base-annotations sidecar FAILED (5xx) → exhibit RENDERS, flagged incomplete (no abort) [rp1]
readExhibitTree(rd): an authored layer failed to load — rendering partial (rd/canvas/o1/annotations.json) FailedReadError: failed to read rd/canvas/o1/annotations.json: HTTP 500
    at /mnt/Ghar/2TA/DevStuff/Annotators/Image/Archie/packages/render-core/src/publish/probe-readpolicy.test.ts:99:61
    at Object.getOptional (/mnt/Ghar/2TA/DevStuff/Annotators/Image/Archie/packages/render-core/src/publish/probe-readpolicy.test.ts:93:98)
    ... 5 lines matching cause stack trace ...
    at file:///mnt/Ghar/2TA/DevStuff/Annotators/Image/Archie/node_modules/.pnpm/@vitest+runner@3.2.7/node_modules/@vitest/runner/dist/chunk-hooks.js:752:20 {
  path: 'rd/canvas/o1/annotations.json',
  cause: Error: HTTP 500
      at /mnt/Ghar/2TA/DevStuff/Annotators/Image/Archie/packages/render-core/src/publish/probe-readpolicy.test.ts:99:84
      at Object.getOptional (/mnt/Ghar/2TA/DevStuff/Annotators/Image/Archie/packages/render-core/src/publish/probe-readpolicy.test.ts:93:98)
      at /mnt/Ghar/2TA/DevStuff/Annotators/Image/Archie/packages/render-core/src/publish/read.ts:309:36
      at Array.map (<anonymous>)
      at readExhibitTree (/mnt/Ghar/2TA/DevStuff/Annotators/Image/Archie/packages/render-core/src/publish/read.ts:302:16)
      at processTicksAndRejections (node:internal/process/task_queues:104:5)
      at /mnt/Ghar/2TA/DevStuff/Annotators/Image/Archie/packages/render-core/src/publish/probe-readpolicy.test.ts:100:16
      at file:///mnt/Ghar/2TA/DevStuff/Annotators/Image/Archie/node_modules/.pnpm/@vitest+runner@3.2.7/node_modules/@vitest/runner/dist/chunk-hooks.js:752:20,
  status: undefined
}

 ✓ src/publish/voynich-readings.test.ts (4 tests) 15ms
stderr | src/publish/probe-readpolicy.test.ts > PROBE readExhibitTree — optional layer failure policy (read.ts:64/82/90) > readings.json FAILED (5xx) → readings:[] AND flagged incomplete (no silent complete) [rp1]
readExhibitTree(rd): an authored layer failed to load — rendering partial (rd/readings.json) FailedReadError: failed to read rd/readings.json: HTTP 503
    at Object.getOptional (/mnt/Ghar/2TA/DevStuff/Annotators/Image/Archie/packages/render-core/src/publish/probe-readpolicy.test.ts:117:52)
    at readExhibitTree (/mnt/Ghar/2TA/DevStuff/Annotators/Image/Archie/packages/render-core/src/publish/read.ts:282:27)
    ... 2 lines matching cause stack trace ...
    at file:///mnt/Ghar/2TA/DevStuff/Annotators/Image/Archie/node_modules/.pnpm/@vitest+runner@3.2.7/node_modules/@vitest/runner/dist/chunk-hooks.js:752:20 {
  path: 'rd/readings.json',
  cause: Error: HTTP 503
      at Object.getOptional (/mnt/Ghar/2TA/DevStuff/Annotators/Image/Archie/packages/render-core/src/publish/probe-readpolicy.test.ts:117:75)
      at readExhibitTree (/mnt/Ghar/2TA/DevStuff/Annotators/Image/Archie/packages/render-core/src/publish/read.ts:282:27)
      at processTicksAndRejections (node:internal/process/task_queues:104:5)
      at /mnt/Ghar/2TA/DevStuff/Annotators/Image/Archie/packages/render-core/src/publish/probe-readpolicy.test.ts:119:16
      at file:///mnt/Ghar/2TA/DevStuff/Annotators/Image/Archie/node_modules/.pnpm/@vitest+runner@3.2.7/node_modules/@vitest/runner/dist/chunk-hooks.js:752:20,
  status: undefined
}

stderr | src/publish/ghpages.test.ts > publishToGitHub — network sequence + error mapping (mocked fetch) > a bad token (401) on tree creation rejects with an actionable cause, not undefined.sha
[publish] GitHub 401 during 'file tree': Bad credentials

stderr | src/publish/ghpages.test.ts > publishToGitHub — network sequence + error mapping (mocked fetch) > a bad token (401) on tree creation rejects with an actionable cause, not undefined.sha
[publish] GitHub 401 during 'file tree': Bad credentials

stderr | src/publish/ghpages.test.ts > publishToGitHub — network sequence + error mapping (mocked fetch) > a missing repo (404) on blob upload names the repo, not a cryptic sha error
[publish] GitHub 404 during 'image upload': Not Found

 ✓ src/publish/probe-readpolicy.test.ts (8 tests) 29ms
 ✓ src/publish/site-rescale.test.ts (8 tests) 29ms
 ✓ src/publish/interop.test.ts (2 tests) 32ms
stderr | src/publish/ghpages.test.ts > publishToGitHub — incremental push: upload only what GitHub can't already name (Archie-53e3) > an UNREADABLE remote listing (500) re-uploads everything and still publishes
[publish] GitHub 500 during 'remote tree'

stderr | src/publish/ghpages.test.ts > publishToGitHub — incremental push: upload only what GitHub can't already name (Archie-53e3) > an UNREADABLE remote listing (500) re-uploads everything and still publishes
[publish] couldn't read the published branch's tree — re-uploading every file GitHubPublishError: Couldn't publish while publishing. Check the repository name and that the token has Contents and Pages write access, then try again.
    at ghError (/mnt/Ghar/2TA/DevStuff/Annotators/Image/Archie/packages/render-core/src/publish/ghpages.ts:90:10)
    at ghJson (/mnt/Ghar/2TA/DevStuff/Annotators/Image/Archie/packages/render-core/src/publish/ghpages.ts:96:22)
    at readRemoteTree (/mnt/Ghar/2TA/DevStuff/Annotators/Image/Archie/packages/render-core/src/publish/ghpages.ts:155:21)
    at publishToGitHub (/mnt/Ghar/2TA/DevStuff/Annotators/Image/Archie/packages/render-core/src/publish/ghpages.ts:220:34)
    at /mnt/Ghar/2TA/DevStuff/Annotators/Image/Archie/packages/render-core/src/publish/ghpages.test.ts:301:17
    at file:///mnt/Ghar/2TA/DevStuff/Annotators/Image/Archie/node_modules/.pnpm/@vitest+runner@3.2.7/node_modules/@vitest/runner/dist/chunk-hooks.js:752:20 {
  status: 500
}

stderr | src/publish/ghpages.test.ts > ensureRepo — create the target repo (creation only, never mutate an existing one) > any other status (403 no repo scope) throws a mapped GitHubPublishError
[publish] GitHub 403 during 'repo creation': Forbidden

stderr | src/publish/read.test.ts > assertArchieTreeMarker (requirePresent strict option) > lenient default unchanged: absent → null; failed read → null (logged, never thrown)
assertArchieTreeMarker: archie.json couldn't be read (transient) — skipping the version gate FailedReadError: failed to read archie.json: HTTP 500
    at HttpFile.fetchBytes (/mnt/Ghar/2TA/DevStuff/Annotators/Image/Archie/packages/render-core/src/fs/http.ts:89:24)
    at processTicksAndRejections (node:internal/process/task_queues:104:5) {
  path: 'archie.json',
  cause: Error: HTTP 500
      at HttpFile.fetchBytes (/mnt/Ghar/2TA/DevStuff/Annotators/Image/Archie/packages/render-core/src/fs/http.ts:89:55)
      at processTicksAndRejections (node:internal/process/task_queues:104:5),
  status: 500
}

stderr | src/publish/open.test.ts > open seam — fetchArchieLibraryBytes (capped fetch, no decode/validate) > throws on a non-OK response
open: couldn't fetch the library from https://host/missing.zip — HTTP 404

 ✓ src/migrate/object-ids.test.ts (9 tests) 24ms
 ✓ src/publish/site-tiles.test.ts (6 tests) 13ms
 ✓ src/publish/marker.test.ts (20 tests) 23ms
 ✓ src/iiif/image-index.test.ts (8 tests) 16ms
 ✓ src/publish/working.test.ts (9 tests) 16ms
 ✓ src/publish/read.test.ts (14 tests) 32ms
 ✓ src/publish/static-pages.test.ts (45 tests) 42ms
 ✓ src/publish/structure-export.test.ts (5 tests) 24ms
 ✓ src/publish/ghpages.test.ts (22 tests) 49ms
 ✓ src/publish/site-fixity.test.ts (9 tests) 49ms
stderr | src/publish/open.test.ts > open seam — fetchArchieLibraryBytes (capped fetch, no decode/validate) > classifies a torn body (arrayBuffer() rejects mid-transfer) as the friendly couldn't-open error
open: the transfer from https://host/cut.zip was cut short — Error: aborted mid-transfer
    at Object.arrayBuffer (/mnt/Ghar/2TA/DevStuff/Annotators/Image/Archie/packages/render-core/src/publish/open.test.ts:137:15)
    at fetchArchieLibraryBytes (/mnt/Ghar/2TA/DevStuff/Annotators/Image/Archie/packages/render-core/src/publish/open.ts:118:38)

stderr | src/publish/open.test.ts > open seam — openArchieLibraryFromUrl (fetch → openArchieLibrary composition) > never attempts to decode when the fetch step itself fails (fetch-fully-before-decode ordering)
open: couldn't fetch the library from https://host/broken.zip — HTTP 500

 ✓ src/publish/open.test.ts (24 tests) 64ms
 ✓ src/publish/bag.test.ts (14 tests) 80ms
 ✓ src/publish/site.test.ts (44 tests) 87ms
 ✓ src/publish/fixity.test.ts (11 tests) 5ms
 ✓ src/text/sanitize.test.ts (15 tests) 33ms
 ✓ src/fs/http.conformance.test.ts (7 tests) 10ms
 ✓ src/publish/portable.test.ts (12 tests) 88ms
 ✓ src/fs/hashing.test.ts (10 tests) 13ms
 ✓ src/spine/head-index.perf.test.ts (4 tests) 537ms
 ✓ src/spine/deserialize.test.ts (10 tests) 7ms
 ✓ src/geometry/marginalia.test.ts (21 tests) 7ms
 ✓ src/geometry/rescale.test.ts (28 tests) 8ms
 ✓ src/url/deeplink.test.ts (13 tests) 5ms
 ✓ src/spine/persist.corruption.test.ts (7 tests) 9ms
 ✓ src/state/state.test.ts (22 tests) 8ms
 ✓ src/spine/serialize.test.ts (25 tests) 9ms
 ✓ src/session/session-signals.test.ts (9 tests) 10ms
 ✓ src/publish/merge.test.ts (6 tests) 4ms
 ✓ src/spine/merge.test.ts (15 tests) 6ms
 ✓ src/geometry/selector.test.ts (18 tests) 5ms
 ✓ src/query/published.test.ts (9 tests) 5ms
 ✓ src/spine/persist.test.ts (8 tests) 7ms
 ✓ src/query/reading.test.ts (18 tests) 8ms
 ✓ src/fs/zip-stream.test.ts (25 tests) 717ms
   ✓ ZipStreamFilesystem — write-through streaming zip sink > Archie-1cf0: 66,001 entries — past the classic 65,535 cap for real — round-trip via ZipFilesystem.fromZip  678ms
 ✓ src/geometry/mediafragment.test.ts (18 tests) 4ms
 ✓ src/spine/interop.test.ts (6 tests) 6ms
 ✓ src/av/transcript.test.ts (17 tests) 10ms
 ✓ src/model/metadata-display.test.ts (27 tests) 7ms
 ✓ src/spine/visibility.test.ts (9 tests) 10ms
 ✓ src/spine/head-index.test.ts (22 tests) 774ms
   ✓ HeadIndex — agrees with the from-scratch projection > randomized create/edit/delete sequences agree at every step  735ms
 ✓ src/spine/attribution.test.ts (9 tests) 9ms
 ✓ src/link/link.test.ts (28 tests) 8ms
 ✓ src/fs/copy-tree.test.ts (4 tests) 5ms
 ✓ src/iiif/rights.test.ts (20 tests) 11ms
 ✓ src/query/marker-contrast.test.ts (14 tests) 5ms
 ✓ src/cite/citation.test.ts (16 tests) 6ms
 ✓ src/model/dcterms.test.ts (18 tests) 7ms
 ✓ src/iiif/resolve.test.ts (16 tests) 5ms
 ✓ src/geometry/geo.test.ts (21 tests) 6ms
 ✓ src/publish/preview.test.ts (3 tests) 10ms
 ✓ src/url/route.test.ts (23 tests) 5ms
 ✓ src/iiif/manifest.test.ts (19 tests) 7ms
 ✓ src/spine/log.test.ts (13 tests) 8ms
 ✓ src/iiif/metadata.test.ts (15 tests) 12ms
 ✓ src/query/marker-style.test.ts (25 tests) 5ms
 ✓ src/fs/conformance.test.ts (34 tests) 10ms
 ✓ src/object-id.test.ts (10 tests) 5ms
 ✓ src/fs/binding.test.ts (13 tests) 6ms
 ✓ src/publish/preflight.test.ts (19 tests) 9ms
 ✓ src/link/link-object.test.ts (15 tests) 7ms
 ✓ src/av/time.test.ts (11 tests) 4ms
 ✓ src/publish/site-geo.test.ts (2 tests) 9ms
 ✓ src/iiif/gallery.test.ts (20 tests) 6ms
 ✓ src/spine/geo-persist.test.ts (6 tests) 5ms
 ✓ src/spine/resolve.test.ts (6 tests) 6ms
 ✓ src/note/media.test.ts (17 tests) 6ms
 ✓ src/exif/read.test.ts (18 tests) 7ms
 ✓ src/iiif/thumb-fallback.test.ts (10 tests) 6ms
 ✓ src/session/records-diff.test.ts (9 tests) 4ms
 ✓ src/spine/heads.test.ts (7 tests) 5ms
 ✓ src/exif/orientation.test.ts (12 tests) 4ms
 ✓ src/geometry/coverage.test.ts (22 tests) 5ms
 ✓ src/iiif/canvasid.test.ts (12 tests) 4ms
 ✓ src/iiif/manifest-geo.test.ts (4 tests) 4ms
 ✓ src/spine/dag-generics.test.ts (5 tests) 4ms
 ✓ src/model/model.test.ts (9 tests) 5ms
 ✓ src/migrate/migrate.test.ts (8 tests) 4ms
 ✓ src/fs/seam.test.ts (3 tests) 4ms
 ✓ src/geometry/dzi.test.ts (12 tests) 6ms
 ✓ src/concurrency.test.ts (3 tests) 5ms
 ✓ src/model/layout.test.ts (5 tests) 5ms
 ✓ src/geometry/downscale.test.ts (13 tests) 5ms
 ✓ src/worker-safe.test.ts (4 tests) 4ms
 ✓ src/iiif/image.test.ts (7 tests) 3ms
 ✓ src/wadm/types.test.ts (8 tests) 3ms
 ✓ src/query/body.test.ts (4 tests) 2ms
 ✓ src/iiif/presentation.test.ts (3 tests) 3ms
 ✓ src/url/breadcrumb.test.ts (5 tests) 4ms
 ✓ src/query/filter.test.ts (4 tests) 3ms
 ✓ src/model/library.test.ts (3 tests) 2ms
 ✓ src/text/match.test.ts (5 tests) 3ms
 ✓ src/geometry/panel-resize.test.ts (15 tests) 3ms
 ✓ src/url/asset-url.test.ts (7 tests) 6ms
 ✓ src/publish/delta.test.ts (6 tests) 6ms
 ✓ src/index.test.ts (1 test) 1ms

 Test Files  113 passed (113)
      Tests  1555 passed (1555)
   Start at  00:27:50
   Duration  2.22s (transform 5.76s, setup 0ms, collect 22.22s, tests 3.98s, environment 15ms, prepare 6.86s)
