
Running 2 tests using 1 worker

(node:292250) Warning: The 'NO_COLOR' env is ignored due to the 'FORCE_COLOR' env being set.
(Use `node --trace-warnings ...` to show where the warning was created)
(node:292250) Warning: The 'NO_COLOR' env is ignored due to the 'FORCE_COLOR' env being set.
(Use `node --trace-warnings ...` to show where the warning was created)
{"ann006AfterDraw":{"noteCount":1,"editors":0,"url":"http://localhost:5198/studio/#/voynich-2/o/01M2CHJ8TEWR53S9QYSDM3NRYG"}}
  ✘  1 [chromium] › e2e/user-stories-authoring-batch.spec.ts:26:1 › STU-ANN-006 convert whole note to region mode (13.0s)
(node:293237) Warning: The 'NO_COLOR' env is ignored due to the 'FORCE_COLOR' env being set.
(Use `node --trace-warnings ...` to show where the warning was created)
(node:293237) Warning: The 'NO_COLOR' env is ignored due to the 'FORCE_COLOR' env being set.
(Use `node --trace-warnings ...` to show where the warning was created)
{"storedTargets":[{"id":"01M2CHJPH1B9JEJ1K2XZ4G7Z1F","target":{"source":"https://archie.demo/voynich-2/canvas/01M2CHJNVQ0T9K3WX4F42XRAN5","type":"SpecificResource","selector":{"type":"FragmentSelector","conformsTo":"http://www.w3.org/TR/media-frags/","value":"xywh=pixel:417.94345953525635,232.11972489316253,441.4421407585471,448.4036959134615"}}},{"id":"01M2CHJQXS7MJFW4DDQGZE16GM","target":{"source":"https://archie.demo/voynich-2/canvas/01M2CHJNVQ0T9K3WX4F42XRAN5","type":"SpecificResource","selector":{"type":"FragmentSelector","conformsTo":"http://www.w3.org/TR/media-frags/","value":"xywh=pixel:417.94345953525635,232.11972489316253,441.4421407585471,448.4036959134615"}}}]}
{"stackAfterCreate":{"notes":"Stack first\nYou · just now\nStack second\nfixture · just now","editors":0}}
{"stackAfterSelect":{"editors":1,"groups":1}}
  ✓  2 [chromium] › e2e/user-stories-authoring-batch.spec.ts:65:1 › STU-ANN-008 stacked note navigation (3.5s)


  1) [chromium] › e2e/user-stories-authoring-batch.spec.ts:26:1 › STU-ANN-006 convert whole note to region mode 

    Error: [2mexpect([22m[31mlocator[39m[2m).[22mtoBeVisible[2m([22m[2m)[22m failed

    Locator: getByRole('button', { name: /^1 article$/ })
    Expected: visible
    Timeout: 10000ms
    Error: element(s) not found

    Call log:
    [2m  - Expect "toBeVisible" with timeout 10000ms[22m
    [2m  - waiting for getByRole('button', { name: /^1 article$/ })[22m


      47 |   await page.getByRole('button', { name: 'Overview', exact: true }).click();
      48 |   await page.reload();
    > 49 |   await expect(page.getByRole('button', { name: /^1 article$/ })).toBeVisible({ timeout: 10000 });
         |                                                                   ^
      50 |   await page.getByRole('button', { name: /^1 article$/ }).click();
      51 |   await page.getByRole('button', { name: convertedComment }).click();
      52 |   await expect(page.locator('.note-editor-region')).toContainText('A region of this object');
        at /mnt/Ghar/2TA/DevStuff/Annotators/Image/Archie/apps/studio/e2e/user-stories-authoring-batch.spec.ts:49:67

    Error Context: test-results/user-stories-authoring-bat-72848-t-whole-note-to-region-mode-chromium/error-context.md

  1 failed
    [chromium] › e2e/user-stories-authoring-batch.spec.ts:26:1 › STU-ANN-006 convert whole note to region mode 
  1 passed (17.6s)
