$ playwright test --config e2e/playwright.config.ts
[2m[WebServer] [22m(node:2974905) Warning: The 'NO_COLOR' env is ignored due to the 'FORCE_COLOR' env being set.
[2m[WebServer] [22m(Use `node --trace-warnings ...` to show where the warning was created)
[2m[WebServer] [22m(node:2974943) Warning: The 'NO_COLOR' env is ignored due to the 'FORCE_COLOR' env being set.
[2m[WebServer] [22m(Use `node --trace-warnings ...` to show where the warning was created)

Running 36 tests using 1 worker

(node:2974991) Warning: The 'NO_COLOR' env is ignored due to the 'FORCE_COLOR' env being set.
(Use `node --trace-warnings ...` to show where the warning was created)
(node:2974991) Warning: The 'NO_COLOR' env is ignored due to the 'FORCE_COLOR' env being set.
(Use `node --trace-warnings ...` to show where the warning was created)
  ✓   1 [chromium] › e2e/av-poster.spec.ts:21:3 › AV poster extraction against really-decoded media (Archie-0c7f) › a real video yields a poster whose pixels are NOT black, plus dimensions (1.7s)
  ✓   2 [chromium] › e2e/export-surface.spec.ts:60:1 › the probe's recommendation arrives pre-selected, on a destination that fits (991ms)
  ✓   3 [chromium] › e2e/export-surface.spec.ts:86:1 › an unavailable destination is greyed WITH ITS REASON, and nothing is swapped in for it (590ms)

  ✓   4 [chromium] › e2e/export-surface.spec.ts:136:1 › Deposit a copy produces a real BagIt bag, and says what it is (922ms)
  ✓   5 [chromium] › e2e/export-surface.spec.ts:194:1 › the quality question is not asked when its answer changes nothing (783ms)
  ✓   6 [chromium] › e2e/export-surface.spec.ts:222:1 › the embed snippet is on the success panel, not on the chooser (951ms)
  ✓   7 [chromium] › e2e/loop.spec.ts:146:3 › Studio core loop: create → autosave → publish (Archie-c9ac) › 1. authored note autosaves to OPFS and survives a full reload (1.1s)
[loop-publish] note body present in 4 zip entries: voynich-rosettes-copy/annotations/history/01M1R9HX4GSXSM7ZD3JRES7VGV.json, voynich-rosettes-copy/canvas/ex-voynich.o9/annotations.json, voynich-rosettes-copy/index.html, voynich-rosettes-copy/manifest.json
[loop-publish] rendered HTML page(s) containing the note body: voynich-rosettes-copy/index.html
  ✓   8 [chromium] › e2e/loop.spec.ts:170:3 › Studio core loop: create → autosave → publish (Archie-c9ac) › 2. local publish carries the authored note into the published .archie.zip (1.0s)
  ✓   9 [chromium] › e2e/metadata-import.spec.ts:27:3 › bulk metadata import › the overview toolbar carries the control, and it opens the dialog (384ms)
  ✓  10 [chromium] › e2e/metadata-import.spec.ts:45:3 › bulk metadata import › a spreadsheet drives the mapping step and the preview (424ms)
  ✓  11 [chromium] › e2e/navigation.spec.ts:118:3 › Studio place navigation (Archie-d80f) › 1. forward walk: library → overview → editor, URL grammar + screen agree (465ms)
  ✓  12 [chromium] › e2e/navigation.spec.ts:134:3 › Studio place navigation (Archie-d80f) › 2. back twice unwinds editor → overview → library; forward twice re-traverses (555ms)
[rapid-traversal] settled at #/ then #/voynich-rosettes
  ✓  13 [chromium] › e2e/navigation.spec.ts:153:3 › Studio place navigation (Archie-d80f) › 3. rapid back/forward: end state is consistent, no error, no uncaught throw (1.8s)
  ✓  14 [chromium] › e2e/navigation.spec.ts:185:3 › Studio place navigation (Archie-d80f) › 4. manual hash edit: valid place navigates; nonsense slug degrades to library WITH notice, URL honest (376ms)
  ✓  15 [chromium] › e2e/navigation.spec.ts:207:3 › Studio place navigation (Archie-d80f) › 5. no double-transition: one back moves exactly one rung (512ms)
  ✓  16 [chromium] › e2e/navigation.spec.ts:234:3 › Studio place navigation (Archie-d80f) › 6. grid scroll offset restores per-exhibit across an object open → back (ADR-0024 #6) (727ms)
  ✓  17 [chromium] › e2e/preview.spec.ts:33:1 › preview renders the reader inside the Publish surface (1.2s)
  ✓  18 [chromium] › e2e/publish-empty.spec.ts:19:1 › a library of only examples refuses to publish, and says why (544ms)
  ✓  19 [chromium] › e2e/publish-empty.spec.ts:43:1 › forking an example clears the refusal — the destinations come back (805ms)
  ✓  20 [chromium] › e2e/publish-entry.spec.ts:26:1 › Export a copy… opens the artifact half directly (794ms)
  ✓  21 [chromium] › e2e/publish-entry.spec.ts:41:1 › Publish opens the site half, not the exports (761ms)
  ✓  22 [chromium] › e2e/publish-entry.spec.ts:50:1 › the two entries are independent — each visit honours the button that opened it (910ms)
  ✓  23 [chromium] › e2e/publish-entry.spec.ts:68:1 › the single-file row and its folder sibling are presented together (636ms)
  ✓  24 [chromium] › e2e/publish-home.spec.ts:54:1 › a library with a home opens on the sheet, not on the destination question (830ms)
  ✓  25 [chromium] › e2e/publish-home.spec.ts:72:1 › a home written before publishedAt existed says nothing, never 'never' (609ms)
  ✓  26 [chromium] › e2e/publish-home.spec.ts:85:1 › Change where this publishes… disowns the home and returns to the destination question (860ms)
  ✓  27 [chromium] › e2e/reading-order.spec.ts:56:3 › Set the active sort as the reading order (Archie-3b9f) › the control is ABSENT in reading order and appears once a sort is active (470ms)
  ✓  28 [chromium] › e2e/reading-order.spec.ts:63:3 › Set the active sort as the reading order (Archie-3b9f) › a SEARCH disables it, with the reason on the control (585ms)
  ✓  29 [chromium] › e2e/reading-order.spec.ts:76:3 › Set the active sort as the reading order (Archie-3b9f) › clicking it makes the sorted order canonical, and snaps the view back to reading order (485ms)
  ✓  30 [chromium] › e2e/reading-order.spec.ts:96:3 › Set the active sort as the reading order (Archie-3b9f) › undo puts the previous order back (524ms)
  ✓  31 [chromium] › e2e/review-contrast.spec.ts:6:1 › the library save indicator names its browser destination (364ms)
  ✓  32 [chromium] › e2e/review-contrast.spec.ts:12:1 › sample overview text has sufficient contrast and identifies authored titles (550ms)
  ✓  33 [chromium] › e2e/settings.spec.ts:25:1 › Settings opens from the Help menu and reports real diagnostics (502ms)
(node:2979609) Warning: The 'NO_COLOR' env is ignored due to the 'FORCE_COLOR' env being set.
(Use `node --trace-warnings ...` to show where the warning was created)
(node:2979609) Warning: The 'NO_COLOR' env is ignored due to the 'FORCE_COLOR' env being set.
(Use `node --trace-warnings ...` to show where the warning was created)
  ✓  34 [chromium] › e2e/undo-actions.spec.ts:41:1 › two completed note creations undo and redo separately (1.1s)
  ✓  35 [chromium] › e2e/undo-actions.spec.ts:65:1 › edit after undo becomes the visible and saved note (1.5s)
  ✓  36 [chromium] › e2e/undo-actions.spec.ts:86:1 › a deleted note restored by undo can be edited and saved (1.5s)

  36 passed (31.0s)
