$ playwright test --config e2e/playwright.config.ts
[2m[WebServer] [22m(node:2974426) Warning: The 'NO_COLOR' env is ignored due to the 'FORCE_COLOR' env being set.
[2m[WebServer] [22m(Use `node --trace-warnings ...` to show where the warning was created)
[2m[WebServer] [22m[2m$ vite-node scripts/gen-published.mts[22m
[2m[WebServer] [22m(node:2974439) Warning: The 'NO_COLOR' env is ignored due to the 'FORCE_COLOR' env being set.
[2m[WebServer] [22m(Use `node --trace-warnings ...` to show where the warning was created)
[2m[WebServer] [22m[2m$ astro build[22m
[2m[WebServer] [22m(node:2974547) Warning: The 'NO_COLOR' env is ignored due to the 'FORCE_COLOR' env being set.
[2m[WebServer] [22m(Use `node --trace-warnings ...` to show where the warning was created)
[2m[WebServer] [22m(node:2975495) Warning: The 'NO_COLOR' env is ignored due to the 'FORCE_COLOR' env being set.
[2m[WebServer] [22m(Use `node --trace-warnings ...` to show where the warning was created)
[2m[WebServer] [22m(node:2975521) Warning: The 'NO_COLOR' env is ignored due to the 'FORCE_COLOR' env being set.
[2m[WebServer] [22m(Use `node --trace-warnings ...` to show where the warning was created)

Running 162 tests using 1 worker

(node:2975815) Warning: The 'NO_COLOR' env is ignored due to the 'FORCE_COLOR' env being set.
(Use `node --trace-warnings ...` to show where the warning was created)
(node:2975815) Warning: The 'NO_COLOR' env is ignored due to the 'FORCE_COLOR' env being set.
(Use `node --trace-warnings ...` to show where the warning was created)
  ✓    1 [chromium] › e2e/address.spec.ts:17:3 › the address follows the reader (V101) › opening an object writes /o/ and survives a reload (V24) (472ms)
  ✓    2 [chromium] › e2e/address.spec.ts:32:3 › the address follows the reader (V101) › stepping back to the grid drops the rung — the address never lies about depth (483ms)
  ✓    3 [chromium] › e2e/address.spec.ts:52:3 › the address follows the reader (V101) › selecting a note writes /a/<logicalId>, and it resolves on reload (507ms)
  ✓    4 [chromium] › e2e/address.spec.ts:71:3 › the address follows the reader (V101) › selection uses replaceState — Back leaves the exhibit, it does not walk notes (762ms)
  ✓    5 [chromium] › e2e/address.spec.ts:95:3 › the address follows the reader (V101) › the narrative spine is addressable — /s/ survives a reload (V84) (708ms)
  ✓    6 [chromium] › e2e/arrival.spec.ts:20:3 › arrival is recoverable › the gallery arrives with its exhibits (100ms)
  ✓    7 [chromium] › e2e/arrival.spec.ts:25:3 › arrival is recoverable › opening the chooser offers a way back (V1) (166ms)
  ✓    8 [chromium] › e2e/arrival.spec.ts:41:3 › arrival is recoverable › Escape is the same door as Cancel (135ms)
  ✓    9 [chromium] › e2e/arrival.spec.ts:51:3 › arrival is recoverable › the library's chrome steps aside while choosing (V2) (155ms)
  ✓   10 [chromium] › e2e/arrival.spec.ts:61:3 › arrival is recoverable › a cold arrival has no way back, and offers none (148ms)
  ✓   11 [chromium] › e2e/av-surface.spec.ts:136:3 › V53 · the note surface the AV reader had no way to reach › a real click on a transcript line opens THE NOTE, and the line is genuinely hittable (290ms)
  ✓   12 [chromium] › e2e/av-surface.spec.ts:177:3 › V53 · the note surface the AV reader had no way to reach › the cue's cite is LIVE in the card and LITERAL nowhere (409ms)
  ✓   13 [chromium] › e2e/av-surface.spec.ts:217:3 › V53 · the note surface the AV reader had no way to reach › the card clears the temporal map instead of sitting on it (327ms)
  ✓   14 [chromium] › e2e/av-surface.spec.ts:238:3 › V53 · the note surface the AV reader had no way to reach › one click both TRAVELS the recording and opens the note (318ms)
  ✓   15 [chromium] › e2e/av-surface.spec.ts:252:3 › V53 · the note surface the AV reader had no way to reach › ⤢ expands to the reading sheet, and the note is on screen exactly once (309ms)
  ✓   16 [chromium] › e2e/av-surface.spec.ts:265:3 › V53 · the note surface the AV reader had no way to reach › the whole-track note opens too — the one note with no cue row to reach it by (262ms)
  ✓   17 [chromium] › e2e/av-surface.spec.ts:276:3 › V53 · a note's picture, on a TIME-RANGED note › the tile renders on the card and a real click opens the lightbox (279ms)
  ✓   18 [chromium] › e2e/av-surface.spec.ts:327:3 › V53 · an AV note's tags are a real door into the finder › a tag chip on a time-ranged note opens the finder ALREADY SCOPED to that tag (586ms)
  ✓   19 [chromium] › e2e/av-surface.spec.ts:426:3 › V53 · the Escape ladder this surface did not have › Escape walks out one rung at a time: sheet → card → the exhibit (308ms)
  ✓   20 [chromium] › e2e/av-surface.spec.ts:450:3 › V53 · the transcript aside resizes (and deliberately does not collapse) › dragging the divider narrows the transcript, and it survives a reload (537ms)
  ✓   21 [chromium] › e2e/av-surface.spec.ts:482:3 › V53 · the transcript aside resizes (and deliberately does not collapse) › there is no collapse toggle — collapsing this aside would take the object nav with it (235ms)
  ✓   22 [chromium] › e2e/av-surface.spec.ts:526:3 › V49 · the temporal map clears the item strip (Archie-b135) › the transcript's temporal map is not covered by the filmstrip (346ms)
  ✓   23 [chromium] › e2e/av-surface.spec.ts:564:3 › V49 · the temporal map clears the item strip (Archie-b135) › the map is on screen ON ARRIVAL, not pushed off the bottom INSTEAD of being covered (324ms)
  ✓   24 [chromium] › e2e/av-surface.spec.ts:638:3 › Archie-4524 · the reading legend the AV surface did not have › the legend lists the exhibit's readings, with per-layer counts on THIS recording (222ms)
  ✓   25 [chromium] › e2e/av-surface.spec.ts:657:3 › Archie-4524 · the reading legend the AV surface did not have › the abjad layer adds its line to the transcript, in its own colour (358ms)
  ✓   26 [chromium] › e2e/av-surface.spec.ts:689:3 › Archie-4524 · the reading legend the AV surface did not have › there is no Hide-all on this legend — the notes here ARE the transcript (462ms)
  ✓   27 [chromium] › e2e/av-surface.spec.ts:711:3 › the audio stage draws its recording (V50) › a sound object renders a waveform canvas, and keeps its native controls (300ms)
  ✓   28 [chromium] › e2e/av-surface.spec.ts:727:3 › the audio stage draws its recording (V50) › the waveform is hidden from assistive tech — the <audio> element is the control (250ms)
  ✓   29 [chromium] › e2e/canvas-keyboard.spec.ts:42:3 › nothing in the reader is an anonymous tab stop (V90) › every tab stop announces something (163ms)
  ✓   30 [chromium] › e2e/canvas-keyboard.spec.ts:56:3 › nothing in the reader is an anonymous tab stop (V90) › the whole-object frame is a named stop, and stays one (V46) (168ms)
  ✓   31 [chromium] › e2e/canvas-keyboard.spec.ts:69:3 › Escape is a ladder, not one binding (V26) › Escape with a note open closes the note and stays put (415ms)
  ✓   32 [chromium] › e2e/canvas-keyboard.spec.ts:81:3 › Escape is a ladder, not one binding (V26) › Escape with nothing open goes up a level (279ms)
  ✓   33 [chromium] › e2e/canvas-keyboard.spec.ts:95:3 › Escape is a ladder, not one binding (V26) › the reader has a landing place for focus to return to (277ms)
  ✓   34 [chromium] › e2e/canvas-keyboard.spec.ts:132:3 › the canvas is a named, reachable keyboard stop (V90/V25) › the canvas announces itself and what its keys do (383ms)
  ✓   35 [chromium] › e2e/canvas-keyboard.spec.ts:145:3 › the canvas is a named, reachable keyboard stop (V90/V25) › arrow keys actually move the image (700ms)
  ✓   36 [chromium] › e2e/canvas-keyboard.spec.ts:163:3 › the canvas is a named, reachable keyboard stop (V90/V25) › focus reaches the canvas at all (400ms)
  ✓   37 [chromium] › e2e/canvas-keyboard.spec.ts:172:3 › Escape is a ladder on a live canvas too (V26/V25) › rung two: Escape hands focus back out of the canvas, and not to nothing (403ms)
  ✓   38 [chromium] › e2e/canvas-keyboard.spec.ts:186:3 › Escape is a ladder on a live canvas too (V26/V25) › the whole ladder walks out one rung at a time (1.1s)
  ✓   39 [chromium] › e2e/canvas-offline.spec.ts:21:3 › the screenshots exhibit is self-contained (the premise every canvas spec rests on) › it paints a deep-zoom canvas with the network cut (384ms)
  ✓   40 [chromium] › e2e/canvas-offline.spec.ts:36:3 › the screenshots exhibit is self-contained (the premise every canvas spec rests on) › every section's image is served locally, not just the first (6.4s)
  ✓   41 [chromium] › e2e/canvas-offline.spec.ts:56:3 › the screenshots exhibit is self-contained (the premise every canvas spec rests on) › it carries both kinds of note the canvas draws differently (738ms)
  ✓   42 [chromium] › e2e/canvas-offline.spec.ts:81:3 › the screenshots exhibit is self-contained (the premise every canvas spec rests on) › OSD stays in the DOM — the failed-mount teardown does not happen here (3.4s)
  ✓   43 [chromium] › e2e/cite.spec.ts:32:3 › the cite panel (V102) › the LINK grain copies exactly the current address (360ms)
  ✓   44 [chromium] › e2e/cite.spec.ts:42:3 › the cite panel (V102) › the CITATION grain copies a reference carrying the credit and the licence (362ms)
  ✓   45 [chromium] › e2e/cite.spec.ts:52:3 › the cite panel (V102) › the CONTENT STATE grain round-trips through decodeContentState (479ms)
  ✓   46 [chromium] › e2e/cite.spec.ts:78:3 › the cite panel (V102) › the Content State grain is ABSENT at exhibit grain, not fabricated (196ms)
  ✓   47 [chromium] › e2e/cite.spec.ts:90:3 › the cite panel (V102) › it is a DIALOG: focus moves in, Tab is trapped, Escape returns focus (312ms)
  ✓   48 [chromium] › e2e/cite.spec.ts:115:3 › the cite panel (V102) › the panel does not cover the canvas — it replaces chrome, it does not add it (320ms)
  ✓   49 [chromium] › e2e/exhibit-rights.spec.ts:24:3 › exhibit-level rights reach every reader (Archie-36e6) › a SINGLE-object exhibit shows the exhibit credit, licence and metadata (183ms)
  ✓   50 [chromium] › e2e/exhibit-rights.spec.ts:46:3 › exhibit-level rights reach every reader (Archie-36e6) › both levels are NAMED when both are shown, so two credits can't read as one (185ms)
  ✓   51 [chromium] › e2e/exhibit-rights.spec.ts:63:3 › exhibit-level rights reach every reader (Archie-36e6) › the NARRATIVE reader carries the exhibit metadata run too (174ms)
  ✓   52 [chromium] › e2e/exhibit-rights.spec.ts:75:3 › exhibit-level rights reach every reader (Archie-36e6) › the GRID path is unchanged — one level, unnamed, no regression (131ms)
  ✓   53 [chromium] › e2e/finder-locus.spec.ts:91:3 › a finder result says where it lives (V106) › a hit names the object it sits on, and the section that shows it (421ms)
  ✓   54 [chromium] › e2e/finder-locus.spec.ts:112:3 › a finder result says where it lives (V106) › EVERY result carries a locus — none is left unplaced (408ms)
  ✓   55 [chromium] › e2e/finder-locus.spec.ts:128:3 › a finder result says where it lives (V106) › the locus names are the exhibit's real places, not ids (416ms)
  ✓   56 [chromium] › e2e/finder-locus.spec.ts:144:3 › a finder result says where it lives (V106) › activating a hit lands on that note's own rung, not the object's top (716ms)
  ✓   57 [chromium] › e2e/gallery.spec.ts:14:3 › the gallery › a tree-relative cover resolves against the published tree (V7) (95ms)
  ✓   58 [chromium] › e2e/gallery.spec.ts:42:3 › the gallery › search reaches images as well as exhibits (V6) (95ms)
  ✓   59 [chromium] › e2e/gallery.spec.ts:56:3 › the gallery › the image wall opens compact (V20) (116ms)
  ✓   60 [chromium] › e2e/inert-a11y.spec.ts:64:3 › Archie-9838 · the collapsed notes rail leaves the accessibility tree › EXPANDED: the rail's note list is exposed (the control measurement) (266ms)
  ✓   61 [chromium] › e2e/inert-a11y.spec.ts:78:3 › Archie-9838 · the collapsed notes rail leaves the accessibility tree › COLLAPSED: the rail's note list is gone or ignored in Chromium's own tree (595ms)
  ✓   62 [chromium] › e2e/inert-a11y.spec.ts:100:3 › Archie-9838 · the collapsed notes rail leaves the accessibility tree › ATTRIBUTION: it is `inert` doing the hiding, not the zero-width collapse (715ms)
  ✓   63 [chromium] › e2e/inert-a11y.spec.ts:125:3 › Archie-9838 · the collapsed notes rail leaves the accessibility tree › COLLAPSED: the rail is out of tab order too (the half that always reproduced) (304ms)
  ✓   64 [chromium] › e2e/narrative-coupling.spec.ts:96:3 › scroll → camera: the spine drives the read (V81) › scrolling the spine moves the active beat to whatever crosses the centre line (597ms)
  ✓   65 [chromium] › e2e/narrative-coupling.spec.ts:117:3 › scroll → camera: the spine drives the read (V81) › the camera follows the spine — the section that scrolled under the line is the one on canvas (883ms)
  ✓   66 [chromium] › e2e/narrative-coupling.spec.ts:140:3 › activate → camera AND prose: the same coupling backwards (V82) › stepping the canvas nav brings the prose with it (1.2s)
  ✓   67 [chromium] › e2e/narrative-coupling.spec.ts:153:3 › activate → camera AND prose: the same coupling backwards (V82) › clicking a beat centres it (317ms)
  ✓   68 [chromium] › e2e/narrative-coupling.spec.ts:164:3 › the two directions do not fight (the reentrancy guard) › a section cite settles on the CITED beat and stays there (1.4s)
  ✓   69 [chromium] › e2e/narrative-coupling.spec.ts:193:3 › the two directions do not fight (the reentrancy guard) › stepping to the last beat lands on the last beat, not its neighbour (1.6s)
  ✓   70 [chromium] › e2e/narrative-coupling.spec.ts:205:3 › the two directions do not fight (the reentrancy guard) › a multi-beat activation does not bounce the reader through the beats in between (792ms)
  ✓   71 [chromium] › e2e/narrative-coupling.spec.ts:256:3 › the two directions do not fight (the reentrancy guard) › the suppression lasts exactly as long as the scroll it covers, not a wall-clock window (328ms)
  ✓   72 [chromium] › e2e/narrative-coupling.spec.ts:356:3 › the two directions do not fight (the reentrancy guard) › a pointer press mid-sweep does not bounce the reader through the beats in between (1.0s)
  ✓   73 [chromium] › e2e/narrative-coupling.spec.ts:408:3 › the two directions do not fight (the reentrancy guard) › a sub-pixel arrival still ends the intent (1.1s)
  ✓   74 [chromium] › e2e/narrative-coupling.spec.ts:464:3 › the two directions do not fight (the reentrancy guard) › an intent that never arrives releases on its own (2.4s)
  ✓   75 [chromium] › e2e/narrative-coupling.spec.ts:508:3 › the two directions do not fight (the reentrancy guard) › the column's two ends resolve to the first and last beat (957ms)
  ✓   76 [chromium] › e2e/narrative-coupling.spec.ts:541:3 › reduced motion, and the reader's scroll is never swallowed › a reader scrolling BACK out of a live programmatic scroll wins immediately (306ms)
  ✓   77 [chromium] › e2e/narrative-coupling.spec.ts:577:3 › reduced motion, and the reader's scroll is never swallowed › reduced motion is honoured, and an activation still lands (231ms)
  ✓   78 [chromium] › e2e/narrative-coupling.spec.ts:597:3 › the beats are numbered (V85) › every beat states its own position, in the nav's noun-and-position idiom (177ms)
  ✓   79 [chromium] › e2e/narrative-coupling.spec.ts:605:3 › the beats are numbered (V85) › the active beat is marked to assistive tech, not only by colour (181ms)
  ✓   80 [chromium] › e2e/narrative-coupling.spec.ts:613:3 › hiding the spine is per-exhibit and plainly reversible (Archie-c5cb, V83) › collapsing one narrative's spine leaves the next narrative's spine alone (295ms)
  ✓   81 [chromium] › e2e/narrative-coupling.spec.ts:626:3 › hiding the spine is per-exhibit and plainly reversible (Archie-c5cb, V83) › the choice does hold for the exhibit it was made on (289ms)
  ✓   82 [chromium] › e2e/narrative-coupling.spec.ts:640:3 › hiding the spine is per-exhibit and plainly reversible (Archie-c5cb, V83) › the collapsed state carries a visible, NAMED way back (246ms)
  ✓   83 [chromium] › e2e/narrative-coupling.spec.ts:658:3 › hiding the spine is per-exhibit and plainly reversible (Archie-c5cb, V83) › a fresh session gets its driving surface back (395ms)
  ✓   84 [chromium] › e2e/narrative-coupling.spec.ts:675:3 › V80 re-measure: canvas chrome still clears the spine (Archie-40fe) › the top-right chrome group does not reach into the prose column (180ms)
  ✓   85 [chromium] › e2e/narrative-coupling.spec.ts:693:3 › V80 re-measure: canvas chrome still clears the spine (Archie-40fe) › and still clears it with the extra control the collapsed state adds (213ms)
  ✓   86 [chromium] › e2e/narrative-header.spec.ts:26:3 › the narrative aside's header (Archie-1474) › the pane toggle stays on screen however far the spine is scrolled (238ms)
  ✓   87 [chromium] › e2e/narrative-header.spec.ts:58:3 › the narrative aside's header (Archie-1474) › the credit is always shown; only the metadata folds (243ms)
  ✓   88 [chromium] › e2e/narrative.spec.ts:20:3 › the spine's section labels (V86) › a section never says its own name twice (185ms)
  ✓   89 [chromium] › e2e/narrative.spec.ts:38:3 › the spine's section labels (V86) › when an object label IS shown it adds information, not an echo (179ms)
  ✓   90 [chromium] › e2e/narrative.spec.ts:52:3 › the spine's section labels (V86) › no label collides with its separator (182ms)
  ✓   91 [chromium] › e2e/narrative.spec.ts:71:3 › the door between the reading and the index (V91) › the way out and the place it leads share a word (202ms)
  ✓   92 [chromium] › e2e/narrative.spec.ts:87:3 › the door between the reading and the index (V91) › the way back names the reading, and actually returns to it (241ms)
  ✓   93 [chromium] › e2e/note-address.spec.ts:43:3 › a cited note resolves from its address (V100) › #/<slug>/a/<ULID> opens that exact note (192ms)
  ✓   94 [chromium] › e2e/note-address.spec.ts:56:3 › a cited note resolves from its address (V100) › the address survives a reload — the same note is still open (305ms)
  ✓   95 [chromium] › e2e/note-address.spec.ts:65:3 › a cited note resolves from its address (V100) › an unknown note id degrades honestly instead of throwing (ADR-0003) (183ms)
  ✓   96 [chromium] › e2e/note-address.spec.ts:76:3 › a cited note resolves from its address (V100) › a malformed note id degrades too (181ms)
  ✓   97 [chromium] › e2e/note-surface.spec.ts:38:3 › only ONE note-content element is on screen at a time (V60) › with the sheet open, exactly one element renders the note's body (396ms)
  ✓   98 [chromium] › e2e/note-surface.spec.ts:49:3 › only ONE note-content element is on screen at a time (V60) › closing the sheet brings the card back — hidden is not gone (432ms)
  ✓   99 [chromium] › e2e/note-surface.spec.ts:58:3 › only ONE note-content element is on screen at a time (V60) › the sidebar entry marks position instead of restating the note (404ms)
  ✓  100 [chromium] › e2e/note-surface.spec.ts:94:3 › one modal at a time — the sheet never stacks (Archie-dbbc review) › a tag chip inside the sheet REPLACES it with the finder (593ms)
  ✓  101 [chromium] › e2e/note-surface.spec.ts:136:3 › one modal at a time — the sheet never stacks (Archie-dbbc review) › never two `aria-modal` elements, on any route out of the sheet (402ms)
  ✓  102 [chromium] › e2e/note-surface.spec.ts:226:3 › one modal at a time — the sheet never stacks (Archie-dbbc review) › a media tile inside the sheet REPLACES it with the lightbox — the image reader (342ms)
  ✓  103 [chromium] › e2e/note-surface.spec.ts:236:3 › one modal at a time — the sheet never stacks (Archie-dbbc review) › a media tile inside the sheet REPLACES it with the lightbox — the AV reader (632ms)
  ✓  104 [chromium] › e2e/note-surface.spec.ts:245:3 › one modal at a time — the sheet never stacks (Archie-dbbc review) › a media tile inside the sheet REPLACES it with the lightbox — the narrative reader (441ms)
  ✓  105 [chromium] › e2e/note-surface.spec.ts:289:3 › the sheet is the card at a larger size (V64) › the sheet's accessible name EQUALS the card's, not merely non-empty (401ms)
  ✓  106 [chromium] › e2e/note-surface.spec.ts:297:3 › the sheet is the card at a larger size (V64) › the sheet SHOWS the same identity line the card showed (414ms)
  ✓  107 [chromium] › e2e/note-surface.spec.ts:309:3 › the sheet is the card at a larger size (V64) › expanding does not drop the note's tags (598ms)
  ✓  108 [chromium] › e2e/note.spec.ts:39:3 › opening a note (V61) › the card that appears has a name and a role (396ms)
  ✓  109 [chromium] › e2e/note.spec.ts:49:3 › opening a note (V61) › the card is focusable as a whole, not only through its buttons (373ms)
  ✓  110 [chromium] › e2e/note.spec.ts:55:3 › opening a note (V61) › it is NOT a modal — the canvas beside it stays usable (379ms)
  ✓  111 [chromium] › e2e/note.spec.ts:65:3 › dismissing a note (V62) › Escape closes it and returns focus to the note that opened it (350ms)
  ✓  112 [chromium] › e2e/note.spec.ts:74:3 › dismissing a note (V62) › the card's own × does the same thing (389ms)
  ✓  113 [chromium] › e2e/note.spec.ts:101:3 › dismissing a note (V62) › dismissing also clears the canvas's selection, not just the card (398ms)
  ✓  114 [chromium] › e2e/note.spec.ts:123:3 › expanding a note into the reading sheet (V63) › focus moves INTO the sheet on open (406ms)
  ✓  115 [chromium] › e2e/note.spec.ts:131:3 › expanding a note into the reading sheet (V63) › Tab is trapped inside it (674ms)
  ✓  116 [chromium] › e2e/note.spec.ts:141:3 › expanding a note into the reading sheet (V63) › Escape closes it and returns focus to the ⤢ that opened it (680ms)
  ✓  117 [chromium] › e2e/note.spec.ts:149:3 › expanding a note into the reading sheet (V63) › it really is a dialog, and says so (613ms)
  ✓  118 [chromium] › e2e/object-nav.spec.ts:53:3 › the nav is present in BOTH sidebar states (V65's discoverability half) › grid reader — sidebar open, then collapsed (360ms)
  ✓  119 [chromium] › e2e/object-nav.spec.ts:73:3 › the nav is present in BOTH sidebar states (V65's discoverability half) › narrative — spine open, then collapsed (279ms)
  ✓  120 [chromium] › e2e/object-nav.spec.ts:89:3 › the visible label speaks the noun (V65's label half) › the button's own name and the position agree about the unit (509ms)
  ✓  121 [chromium] › e2e/object-nav.spec.ts:102:3 › the visible label speaks the noun (V65's label half) › the narrative names sections, not objects (243ms)
  ✓  122 [chromium] › e2e/object-nav.spec.ts:110:3 › the nav actually steps the thing it names › grid reader: forward then back returns to the same object (458ms)
  ✓  123 [chromium] › e2e/object-nav.spec.ts:120:3 › the nav actually steps the thing it names › narrative: stepping moves the spine's own position indicator too (435ms)
  ✓  124 [chromium] › e2e/object-nav.spec.ts:136:3 › the nav actually steps the thing it names › stepping objects does NOT carry the open note forward (flip-and-read is gone) (650ms)
  ✓  125 [chromium] › e2e/object-nav.spec.ts:158:3 › the nav actually steps the thing it names › the ends are disabled rather than silently inert (323ms)
  ✓  126 [chromium] › e2e/object-nav.spec.ts:167:5 › the note card carries no stepper, in any of the four states › grid reader, sidebar open (396ms)
  ✓  127 [chromium] › e2e/object-nav.spec.ts:167:5 › the note card carries no stepper, in any of the four states › grid reader, sidebar collapsed (503ms)
  ✓  128 [chromium] › e2e/object-nav.spec.ts:180:5 › the note card carries no stepper, in any of the four states › narrative, spine open (262ms)
  ✓  129 [chromium] › e2e/object-nav.spec.ts:180:5 › the note card carries no stepper, in any of the four states › narrative, spine collapsed (308ms)
  ✓  130 [chromium] › e2e/object-nav.spec.ts:196:3 › one object nav per reader (the half of V23 this ticket can move) › the grid reader's aside offers the way UP, not a second stepper (522ms)
  ✓  131 [chromium] › e2e/object-nav.spec.ts:215:3 › EXACTLY ONE object-nav landmark, on every surface › grid reader: one, and it is the canvas nav — in BOTH sidebar states (404ms)
  ✓  132 [chromium] › e2e/object-nav.spec.ts:236:3 › EXACTLY ONE object-nav landmark, on every surface › narrative: one, and it is the canvas nav (272ms)
  ✓  133 [chromium] › e2e/object-nav.spec.ts:242:3 › EXACTLY ONE object-nav landmark, on every surface › AV: one, and it is the SIDEBAR stepper — the surface with no canvas chrome (270ms)
  ✓  134 [chromium] › e2e/object-nav.spec.ts:263:3 › the AV path keeps its stepper — the opt-in this slice's argument rests on › an AV object in a multi-object exhibit can still reach its siblings (607ms)
  ✓  135 [chromium] › e2e/occlusion.spec.ts:125:3 › the grid reader's chrome docks out of the canvas (ADR-0019 layout row) › no docked chrome overlaps the canvas, with a note open (1.1s)
  ✓  136 [chromium] › e2e/occlusion.spec.ts:142:3 › the grid reader's chrome docks out of the canvas (ADR-0019 layout row) › the canvas centre hit-tests to the canvas, not to chrome (545ms)
  ✓  137 [chromium] › e2e/occlusion.spec.ts:168:3 › the narrative reader's chrome docks out of the canvas (ADR-0019 layout row) › no docked chrome overlaps the narrative's canvas (543ms)
  ✓  138 [chromium] › e2e/occlusion.spec.ts:186:3 › the narrative reader's chrome docks out of the canvas (ADR-0019 layout row) › the spine can be read to its end without chrome on the last card (641ms)
  ✓  139 [chromium] › e2e/occlusion.spec.ts:218:3 › a fitted region is not clipped by chrome (V48) › no chrome sits on a fitted region, across every halo note (27.9s)
  ✓  140 [chromium] › e2e/read.spec.ts:11:3 › the read surface › the zoom cue is anchored to the canvas it describes (V40) (299ms)
  ✓  141 [chromium] › e2e/read.spec.ts:39:3 › the read surface › the narrative reader's chrome is anchored too (V80) (191ms)
  ✓  142 [chromium] › e2e/read.spec.ts:66:5 › the read surface › the filmstrip is one stop, not N (V27/V28) › exactly one frame is in the tab order (161ms)
  ✓  143 [chromium] › e2e/read.spec.ts:74:5 › the read surface › the filmstrip is one stop, not N (V27/V28) › arrow keys move within the strip (180ms)
  ✓  144 [chromium] › e2e/read.spec.ts:96:5 › the read surface › the filmstrip is one stop, not N (V27/V28) › each frame says which item it is (162ms)
  ✓  145 [chromium] › e2e/review-contrast.spec.ts:7:1 › mobile gallery keeps readable text and its first exhibit above the fold (288ms)
  ✓  146 [chromium] › e2e/selection.spec.ts:23:3 › the selection ring means something (V43) › no halo before anything is selected (349ms)
  ✓  147 [chromium] › e2e/selection.spec.ts:34:3 › the selection ring means something (V43) › selecting a region note draws a ring around it (378ms)
  ✓  148 [chromium] › e2e/selection.spec.ts:54:3 › the selection ring means something (V43) › the ring is decoration, and it does not shield what it points at (381ms)
  ✓  149 [chromium] › e2e/selection.spec.ts:96:3 › the selection ring means something (V43) › a REAL mouse click on a mark opens its note (541ms)
  ✓  150 [chromium] › e2e/selection.spec.ts:196:3 › the selection ring means something (V43) › dismissing a note gives its height back to the image (ADR-0019 layout row) (405ms)
  ✓  151 [chromium] › e2e/selection.spec.ts:324:3 › the whole-object frame is a mark too (V46) › a whole-object note is drawn as a named, focusable frame (405ms)
  ✓  152 [chromium] › e2e/selection.spec.ts:338:3 › the whole-object frame is a mark too (V46) › the frame survives Hide all — it is the way back to the marks (423ms)
  ✓  153 [chromium] › e2e/selection.spec.ts:356:3 › the legend swatch shows what the canvas draws (V47) › the swatch is a miniature mark, not a solid disc (228ms)
  ✓  154 [chromium] › e2e/selection.spec.ts:375:3 › the legend swatch shows what the canvas draws (V47) › every reading's swatch is drawn the same way (343ms)
  ✓  155 [chromium] › e2e/source-address.spec.ts:5:1 › foreign source survives reader address updates, reload, links, and Back (334ms)
  ✓  156 [chromium] › e2e/static-shell.spec.ts:17:7 › the page a crawler gets › with JavaScript off › voynich has a readable body, not an empty island (V107) (59ms)
  ✓  157 [chromium] › e2e/static-shell.spec.ts:17:7 › the page a crawler gets › with JavaScript off › voynich-reading has a readable body, not an empty island (V107) (52ms)
  ✓  158 [chromium] › e2e/static-shell.spec.ts:40:3 › the page a crawler gets › the shell yields to the app once it hydrates (112ms)
  ✓  159 [chromium] › e2e/static-shell.spec.ts:49:3 › the page a crawler gets › the archival page carries the narrative, not just the notes (V110) (56ms)
  ✓  160 [chromium] › e2e/touch-targets.spec.ts:62:3 › touch targets on a phone viewport (Archie-cf4a, WCAG 2.2 SC 2.5.8) › the gallery's controls are all at least 24x24 (61ms)
  ✓  161 [chromium] › e2e/touch-targets.spec.ts:70:3 › touch targets on a phone viewport (Archie-cf4a, WCAG 2.2 SC 2.5.8) › an exhibit grid's controls are all at least 24x24 (147ms)
  ✓  162 [chromium] › e2e/touch-targets.spec.ts:78:3 › touch targets on a phone viewport (Archie-cf4a, WCAG 2.2 SC 2.5.8) › the reader's chrome is all at least 24x24 (264ms)

  162 passed (1.9m)
