
=== Archie scale check (70-object fixture) ===
• Studio dev server already up at http://localhost:5173/studio/
• Seeding the fixture library (idempotent)…

=== Archie fixture seed ===  (idempotent)
• Studio dev server already up at http://localhost:5173/studio/
• Images for "Coastal Survey" already present (30) — skipping generation
• Images for "Archive Scans" already present (30) — skipping generation
• Images for "Field Notes" already present (10) — skipping generation
• Ingesting all 3 exhibits in one folder import (70 objects)…
  ✓ imported 70 objects across 3 exhibits
• Annotations (best-effort): SKIPPED — locator.click: Timeout 30000ms exceeded.
Call log:
[2m  - waiting for locator('button[title*="ectan

--- Verification ---
  [OK] Coastal Survey: expected 30 — "30 MEDIA ITEMS · /COASTAL-SURVEY"
  [OK] Archive Scans: expected 30 — "30 MEDIA ITEMS · /ARCHIVE-SCANS"
  [OK] Field Notes: expected 10 — "10 MEDIA ITEMS · /FIELD-NOTES"

=== SEEDED OK ===
Exhibits: 3  ·  Objects created this run: 70  ·  43s
Profile (OPFS lives here): /tmp/archie-review-scale-profile
Verify screenshot: /mnt/Ghar/2TA/DevStuff/Annotators/Image/Archie/.scratch/seed-verify.png

Open Studio against this library:
  1) start the studio dev server:  pnpm --filter @archie/studio dev
  2) launch chromium with this profile:
     chromium --user-data-dir="/tmp/archie-review-scale-profile" http://localhost:5173/studio/
  (folder-bound autosave testing: bind a folder once via the native picker, then edit)
  [PASS] library mounts all 3 seeded exhibits within 30s — 0.6s
  [PASS] "Coastal Survey" carries its full 30 objects — card reports 30
  [PASS] "Archive Scans" carries its full 30 objects — card reports 30
  [PASS] "Field Notes" carries its full 10 objects — card reports 10
  [PASS] asset-count threshold: 70 objects survived ingest + OPFS reload — 70/70
  [PASS] overview of "Coastal Survey" renders 30 plates within 45s — 0.3s

6/6 assertions held.
=== SCALE CHECK: PASS ===
