        Info Looking up installed tauri packages to check mismatched versions...
     Running beforeBuildCommand `bash scripts/build-tauri-frontend.sh`
[tauri-frontend] cleaning /mnt/Ghar/2TA/DevStuff/Annotators/Image/Archie/src-tauri/frontend
[tauri-frontend] building Studio → /  (relative base for the Tauri origin root)
[sync-learn] copied /mnt/Ghar/2TA/DevStuff/Annotators/Image/Archie/docs/learn -> /mnt/Ghar/2TA/DevStuff/Annotators/Image/Archie/apps/studio/public/learn
vite v6.4.3 building for production...
transforming...
✓ 542 modules transformed.
rendering chunks...
computing gzip size...
../../src-tauri/frontend/index.html                                   0.52 kB │ gzip:   0.30 kB
../../src-tauri/frontend/assets/bake-worker-DbUEal1K.js               1.61 kB
../../src-tauri/frontend/assets/dzi-tile-worker-BnFf4Q9i.js           2.16 kB
../../src-tauri/frontend/.vite/manifest.json                         12.85 kB │ gzip:   1.45 kB
../../src-tauri/frontend/assets/Canvas-fJZt5xyf.css                   1.34 kB │ gzip:   0.63 kB
../../src-tauri/frontend/assets/CmdK-B2Pvl-sp.css                     4.70 kB │ gzip:   1.20 kB
../../src-tauri/frontend/assets/AvEditor-BxEFlhfz.css                 7.09 kB │ gzip:   1.42 kB
../../src-tauri/frontend/assets/NarrativeEditor-Drdmp0eA.css          8.32 kB │ gzip:   1.58 kB
../../src-tauri/frontend/assets/Publish-Cpi0BabI.css                 19.39 kB │ gzip:   3.02 kB
../../src-tauri/frontend/assets/index-C_c3lMvf.css                  155.40 kB │ gzip:  20.99 kB
../../src-tauri/frontend/assets/index-H8LG3Afc.js                     0.14 kB │ gzip:   0.14 kB
../../src-tauri/frontend/assets/index-C7xq5wfG.js                     0.29 kB │ gzip:   0.18 kB
../../src-tauri/frontend/assets/reading-layer-BA5_WYuM.js             0.40 kB │ gzip:   0.29 kB
../../src-tauri/frontend/assets/path-DrKnIOlO.js                      0.95 kB │ gzip:   0.46 kB
../../src-tauri/frontend/assets/event-CnlQ1jDF.js                     1.15 kB │ gzip:   0.60 kB
../../src-tauri/frontend/assets/single-file-export-znaJRLfc.js        1.75 kB │ gzip:   0.98 kB
../../src-tauri/frontend/assets/core-CleVA-es.js                      1.76 kB │ gzip:   0.77 kB
../../src-tauri/frontend/assets/index-0OxJ7OAd.js                     2.03 kB │ gzip:   0.89 kB
../../src-tauri/frontend/assets/CmdK-Cy0dFUE1.js                      4.42 kB │ gzip:   1.96 kB
../../src-tauri/frontend/assets/deploy-flows.svelte-2Tm3q_9T.js       5.13 kB │ gzip:   2.00 kB
../../src-tauri/frontend/assets/narrative-B-MgSAzH.js                 5.41 kB │ gzip:   1.84 kB
../../src-tauri/frontend/assets/reader-B63Z2FnY.js                    6.02 kB │ gzip:   2.77 kB
../../src-tauri/frontend/assets/av-player-D713VxEg.js                 6.20 kB │ gzip:   2.35 kB
../../src-tauri/frontend/assets/archie.config-BsXaQS3e.js             6.45 kB │ gzip:   2.69 kB
../../src-tauri/frontend/assets/index-DvszJcuT.js                     6.91 kB │ gzip:   1.76 kB
../../src-tauri/frontend/assets/NarrativeEditor-DcRNQrma.js           7.73 kB │ gzip:   3.31 kB
../../src-tauri/frontend/assets/selection-halo-DL36Nhmz.js            9.39 kB │ gzip:   4.17 kB
../../src-tauri/frontend/assets/Canvas-Cmj5aGU9.js                   10.66 kB │ gzip:   4.59 kB
../../src-tauri/frontend/assets/note-card-BMnpseHS.js                12.87 kB │ gzip:   4.52 kB
../../src-tauri/frontend/assets/reader-chrome-DUzhTkMM.js            13.05 kB │ gzip:   4.50 kB
../../src-tauri/frontend/assets/AvEditor-BA7fRjvV.js                 13.15 kB │ gzip:   5.32 kB
../../src-tauri/frontend/assets/regions.esm-DNX_VAOZ.js              15.75 kB │ gzip:   4.87 kB
../../src-tauri/frontend/assets/publish-flows.svelte-J7QRTCHf.js     39.40 kB │ gzip:  14.77 kB
../../src-tauri/frontend/assets/index-Dl5C4S-j.js                    40.46 kB │ gzip:  13.15 kB
../../src-tauri/frontend/assets/wavesurfer.esm-Ci1YEnq5.js           40.66 kB │ gzip:  12.16 kB
../../src-tauri/frontend/assets/Publish-CBo1FzUy.js                  83.80 kB │ gzip:  25.67 kB
../../src-tauri/frontend/assets/UTIF-C8U6Uze2.js                    109.08 kB │ gzip:  39.88 kB
../../src-tauri/frontend/assets/index-B_VWb36Q.js                   672.91 kB │ gzip: 169.55 kB
../../src-tauri/frontend/assets/archie-viewer.single-C3g0yDnQ.js    980.85 kB │ gzip: 288.80 kB
../../src-tauri/frontend/assets/index-CBTP5T9f.js                 1,527.24 kB │ gzip: 468.64 kB

(!) Some chunks are larger than 500 kB after minification. Consider:
- Using dynamic import() to code-split the application
- Use build.rollupOptions.output.manualChunks to improve chunking: https://rollupjs.org/configuration-options/#output-manualchunks
- Adjust chunk size limit for this warning via build.chunkSizeWarningLimit.
✓ built in 6.49s
[tauri-frontend] building Viewer → /viewer/
01:08:35 [types] Generated 23ms
01:08:35 [build] output: "static"
01:08:35 [build] mode: "static"
01:08:35 [build] directory: /mnt/Ghar/2TA/DevStuff/Annotators/Image/Archie/apps/viewer/dist/
01:08:35 [build] Collecting build info...
01:08:35 [build] ✓ Completed in 46ms.
01:08:35 [build] Building static entrypoints...
01:08:36 [vite] ✓ built in 671ms
01:08:40 [WARN] [vite]
(!) Some chunks are larger than 500 kB after minification. Consider:
- Using dynamic import() to code-split the application
- Use build.rollupOptions.output.manualChunks to improve chunking: https://rollupjs.org/configuration-options/#output-manualchunks
- Adjust chunk size limit for this warning via build.chunkSizeWarningLimit.
01:08:40 [vite] ✓ built in 4.08s
01:08:40 [build] Rearranging server assets...

 generating static routes
01:08:40   ├─ /robots.txt (+3ms)
01:08:40   ├─ /sitemap.xml (+1ms)
01:08:40   ├─ /screenshots/index.html (+3ms)
01:08:40   ├─ /voynich-rosettes/index.html (+2ms)
01:08:40   ├─ /voynich/index.html (+1ms)
01:08:40   ├─ /voynich-reading/index.html (+1ms)
01:08:40   ├─ /language-atlas/index.html (+1ms)
01:08:40   ├─ /geo-map/index.html (+1ms)
01:08:40   ├─ /sampler/index.html (+1ms)
01:08:40   ├─ /index.html (+1ms)
01:08:40 ✓ Completed in 40ms.

01:08:40 [build] ✓ Completed in 4.82s.
01:08:40 [build] 8 page(s) built in 4.88s
01:08:40 [build] Complete!
[tauri-frontend] combined frontend ready at /mnt/Ghar/2TA/DevStuff/Annotators/Image/Archie/src-tauri/frontend
   Compiling archie v1.0.0 (/mnt/Ghar/2TA/DevStuff/Annotators/Image/Archie/src-tauri)
    Finished `dev` profile [unoptimized + debuginfo] target(s) in 5.38s
       Built application at: /tmp/archie-review-cargo-check/debug/archie
