DOCLINT ok    links — all [[links]] resolve across 52 pages
DOCLINT ok    scopes — every scope glob matches ≥1 tracked file
DOCLINT ok    index — hubs/INDEX.md matches regeneration
DOCLINT ok    pointers — 87 ticket/sha citations verified
DOCLINT ok    evidence-paths — 85 cited paths exist
DOCLINT ok    mirrors — 1 declared mirror(s) are symlinks to canon
DOCLINT ok    accretion — no rule has accreted 3+ corrections
DOCLINT ok    coverage — all 19 populated top-level dirs claimed
DOCLINT ERROR stale-hubs — hubs/process.md — updated: 2026-08-08 but scope last touched 2026-08-30 (closure forgot the hub line?)
DOCLINT ERROR trackers — docs/TRACKERS.md drifted — run `node scripts/trackers-gen.mjs`
DOCLINT ERROR untracked-docs — doc files one git-clean from gone:
    docs/CAPABILITIES.md
    ledgers/DESIGN-review-modules-2026-09-05.md
    ledgers/IMPLEMENT-review-2026-09-05.md
    ledgers/PRODUCT-validation-2026-09-05.md
    ledgers/REVIEW-2026-09-05.md
    ledgers/TEND-rerun-2026-08-22.md
    ledgers/review-evidence-2026-09-05/README.md
    ledgers/review-evidence-2026-09-05/archie-data-review.md
    ledgers/review-evidence-2026-09-05/archie-reader-review.md
DOCLINT ERROR ledger-naming — undated ledgers — migrate per design §2 or allowlist deliberately:
    ACCEPTWIRE.md
    DESTNEG.md
    PUBLISH-COPY.md

DOCLINT: FAIL (4 findings)
